Enter password: ******
Welcome to the MySQL monitor.  Commands end with ; or \g.
Your MySQL connection id is 78
Server version: 8.0.31 MySQL Community Server - GPL

Copyright (c) 2000, 2022, Oracle and/or its affiliates.

Oracle is a registered trademark of Oracle Corporation and/or its
affiliates. Other names may be trademarks of their respective
owners.

Type 'help;' or '\h' for help. Type '\c' to clear the current input statement.

mysql> create database hibernate;
Query OK, 1 row affected (1.03 sec)

mysql> show tables;
ERROR 1046 (3D000): No database selected
mysql> create database hibernate;
ERROR 1007 (HY000): Can't create database 'hibernate'; database exists
mysql> use hibernate
Database changed
mysql> show tables;
+---------------------+
| Tables_in_hibernate |
+---------------------+
| course              |
| instructor          |
| instructor_detail   |
+---------------------+
3 rows in set (0.38 sec)

mysql> show course;
ERROR 1064 (42000): You have an error in your SQL syntax; check the manual that corresponds to your MySQL server version for the right syntax to use near 'course' at line 1
mysql> desc course;
+---------------+--------------+------+-----+---------+----------------+
| Field         | Type         | Null | Key | Default | Extra          |
+---------------+--------------+------+-----+---------+----------------+
| id            | int          | NO   | PRI | NULL    | auto_increment |
| title         | varchar(255) | YES  |     | NULL    |                |
| instructor_id | int          | YES  | MUL | NULL    |                |
+---------------+--------------+------+-----+---------+----------------+
3 rows in set (0.15 sec)

mysql> desc instructor;
+----------------------+--------------+------+-----+---------+----------------+
| Field                | Type         | Null | Key | Default | Extra          |
+----------------------+--------------+------+-----+---------+----------------+
| id                   | int          | NO   | PRI | NULL    | auto_increment |
| email                | varchar(255) | YES  |     | NULL    |                |
| first_name           | varchar(255) | YES  |     | NULL    |                |
| last_name            | varchar(255) | YES  |     | NULL    |                |
| instructor_detail_id | int          | YES  | MUL | NULL    |                |
+----------------------+--------------+------+-----+---------+----------------+
5 rows in set (0.00 sec)

mysql> desc instrutor_detail;
ERROR 1146 (42S02): Table 'hibernate.instrutor_detail' doesn't exist
mysql> desc instructor_detail;
+-----------------+--------------+------+-----+---------+----------------+
| Field           | Type         | Null | Key | Default | Extra          |
+-----------------+--------------+------+-----+---------+----------------+
| id              | int          | NO   | PRI | NULL    | auto_increment |
| hobby           | varchar(255) | YES  |     | NULL    |                |
| youtube_channel | varchar(255) | YES  |     | NULL    |                |
+-----------------+--------------+------+-----+---------+----------------+
3 rows in set (0.00 sec)

mysql> select*from course;
+----+-------+---------------+
| id | title | instructor_id |
+----+-------+---------------+
|  1 | Java  |             1 |
|  2 | C#    |             2 |
+----+-------+---------------+
2 rows in set (0.00 sec)

mysql> select*from instructor;
+----+----------------------+------------+-----------+----------------------+
| id | email                | first_name | last_name | instructor_detail_id |
+----+----------------------+------------+-----------+----------------------+
|  1 | amitv45@gmail.com    | Amit       | Varma     |                    1 |
|  2 | shreekumar@gmail.com | Shree      | Kumar     |                    2 |
+----+----------------------+------------+-----------+----------------------+
2 rows in set (0.00 sec)

mysql> select*from instructor_detail;
+----+--------+------------------------+
| id | hobby  | youtube_channel        |
+----+--------+------------------------+
|  1 | Piano  | http://www.youtube.com |
|  2 | Guitar | http://www.youtube.com |
+----+--------+------------------------+
2 rows in set (0.01 sec)
